// Jest Snapshot v1, https://goo.gl/fbAQLP

exports[`<ProductInfo /> renders correctly 1`] = `
.c0 {
  padding-bottom: 10px;
}

.c2 {
  display: -webkit-box;
  display: -webkit-flex;
  display: -ms-flexbox;
  display: flex;
  -webkit-flex-wrap: wrap;
  -ms-flex-wrap: wrap;
  flex-wrap: wrap;
}

.c3 {
  display: -webkit-box;
  display: -webkit-flex;
  display: -ms-flexbox;
  display: flex;
  -webkit-flex-basis: 50%;
  -ms-flex-preferred-size: 50%;
  flex-basis: 50%;
  padding-bottom: 1rem;
}

.c3:nth-last-of-type(-n + 2) {
  padding-bottom: 0;
}

.c1 {
  margin-bottom: 22px;
}

.c4 {
  font-size: 0.8125rem;
  margin-left: 0.5rem;
}

@media (max-width:540px) {
  .c1 {
    font-size: 1rem;
    line-height: 1.5rem;
    margin-bottom: 1rem;
  }
}

<div
  className="c0"
>
  <h4
    className="c1"
  >
    Payment methods
  </h4>
  <div
    className="c2"
  >
    <div
      className="c3"
    >
      <svg
        fill="currentColor"
        height="24"
        viewBox="0 0 24 24"
        width="24"
        xmlns="http://www.w3.org/2000/svg"
      >
        <path
          d="M1,12.5v5a1,1,0,0,0,1,1H3a3,3,0,0,0,6,0h6a3,3,0,0,0,6,0h1a1,1,0,0,0,1-1V5.5a3,3,0,0,0-3-3H11a3,3,0,0,0-3,3v2H6A3,3,0,0,0,3.6,8.7L1.2,11.9a.61.61,0,0,0-.07.14l-.06.11A1,1,0,0,0,1,12.5Zm16,6a1,1,0,1,1,1,1A1,1,0,0,1,17,18.5Zm-7-13a1,1,0,0,1,1-1h9a1,1,0,0,1,1,1v11h-.78a3,3,0,0,0-4.44,0H10Zm-2,6H4L5.2,9.9A1,1,0,0,1,6,9.5H8Zm-3,7a1,1,0,1,1,1,1A1,1,0,0,1,5,18.5Zm-2-5H8v2.78a3,3,0,0,0-4.22.22H3Z"
        />
      </svg>
      <p
        className="c4"
      >
        Credit card
      </p>
    </div>
    <div
      className="c3"
    >
      <svg
        fill="currentColor"
        height="24"
        viewBox="0 0 24 24"
        width="24"
        xmlns="http://www.w3.org/2000/svg"
      >
        <path
          d="M1,12.5v5a1,1,0,0,0,1,1H3a3,3,0,0,0,6,0h6a3,3,0,0,0,6,0h1a1,1,0,0,0,1-1V5.5a3,3,0,0,0-3-3H11a3,3,0,0,0-3,3v2H6A3,3,0,0,0,3.6,8.7L1.2,11.9a.61.61,0,0,0-.07.14l-.06.11A1,1,0,0,0,1,12.5Zm16,6a1,1,0,1,1,1,1A1,1,0,0,1,17,18.5Zm-7-13a1,1,0,0,1,1-1h9a1,1,0,0,1,1,1v11h-.78a3,3,0,0,0-4.44,0H10Zm-2,6H4L5.2,9.9A1,1,0,0,1,6,9.5H8Zm-3,7a1,1,0,1,1,1,1A1,1,0,0,1,5,18.5Zm-2-5H8v2.78a3,3,0,0,0-4.22.22H3Z"
        />
      </svg>
      <p
        className="c4"
      >
        Bank transfer
      </p>
    </div>
    <div
      className="c3"
    >
      <svg
        fill="currentColor"
        height="24"
        viewBox="0 0 24 24"
        width="24"
        xmlns="http://www.w3.org/2000/svg"
      >
        <path
          d="M1,12.5v5a1,1,0,0,0,1,1H3a3,3,0,0,0,6,0h6a3,3,0,0,0,6,0h1a1,1,0,0,0,1-1V5.5a3,3,0,0,0-3-3H11a3,3,0,0,0-3,3v2H6A3,3,0,0,0,3.6,8.7L1.2,11.9a.61.61,0,0,0-.07.14l-.06.11A1,1,0,0,0,1,12.5Zm16,6a1,1,0,1,1,1,1A1,1,0,0,1,17,18.5Zm-7-13a1,1,0,0,1,1-1h9a1,1,0,0,1,1,1v11h-.78a3,3,0,0,0-4.44,0H10Zm-2,6H4L5.2,9.9A1,1,0,0,1,6,9.5H8Zm-3,7a1,1,0,1,1,1,1A1,1,0,0,1,5,18.5Zm-2-5H8v2.78a3,3,0,0,0-4.22.22H3Z"
        />
      </svg>
      <p
        className="c4"
      >
        Apple pay
      </p>
    </div>
    <div
      className="c3"
    >
      <svg
        fill="currentColor"
        height="24"
        viewBox="0 0 24 24"
        width="24"
        xmlns="http://www.w3.org/2000/svg"
      >
        <path
          d="M1,12.5v5a1,1,0,0,0,1,1H3a3,3,0,0,0,6,0h6a3,3,0,0,0,6,0h1a1,1,0,0,0,1-1V5.5a3,3,0,0,0-3-3H11a3,3,0,0,0-3,3v2H6A3,3,0,0,0,3.6,8.7L1.2,11.9a.61.61,0,0,0-.07.14l-.06.11A1,1,0,0,0,1,12.5Zm16,6a1,1,0,1,1,1,1A1,1,0,0,1,17,18.5Zm-7-13a1,1,0,0,1,1-1h9a1,1,0,0,1,1,1v11h-.78a3,3,0,0,0-4.44,0H10Zm-2,6H4L5.2,9.9A1,1,0,0,1,6,9.5H8Zm-3,7a1,1,0,1,1,1,1A1,1,0,0,1,5,18.5Zm-2-5H8v2.78a3,3,0,0,0-4.22.22H3Z"
        />
      </svg>
      <p
        className="c4"
      >
        Paypal
      </p>
    </div>
  </div>
</div>
`;
